
> pokemon-bartle@0.0.0 test
> ng test --watch=false --browsers=ChromeHeadless

node.exe : - Generating browser application bundles (phase: setup)...
At line:1 char:1
+ & "C:\Program Files\nodejs/node.exe" "C:\Program Files\nodejs/node_mo ...
+ ~~~~~~~~~~~~~~~~~~~~~~~~~~~~~~~~~~~~~~~~~~~~~~~~~~~~~~~~~~~~~~~~~~~~~
    + CategoryInfo          : NotSpecified: (- Generating br...hase: setup)...:String) [], RemoteException
    + FullyQualifiedErrorId : NativeCommandError
 
[32m√[39m Browser application bundle generation complete.
[32m24 01 2026 14:15:09.029:INFO [karma-server]: [39mKarma v6.4.4 server started at http://localhost:9876/
[32m24 01 2026 14:15:09.032:INFO [launcher]: [39mLaunching browsers ChromeHeadless with concurrency unlimited
[32m24 01 2026 14:15:09.091:INFO [launcher]: [39mStarting browser ChromeHeadless
[32m24 01 2026 14:15:11.689:INFO [Chrome Headless 144.0.0.0 (Windows 10)]: [39mConnected on socket tMLs7jYitK-HcrT7AAAB with id 67784062
Chrome Headless 144.0.0.0 (Windows 10): Executed 0 of 22[32m SUCCESS[39m (0 secs / 0 secs)
[1A[2KChrome Headless 144.0.0.0 (Windows 10): Executed 1 of 22[32m SUCCESS[39m (0 secs / 0.089 secs)
[1A[2KChrome Headless 144.0.0.0 (Windows 10): Executed 2 of 22[32m SUCCESS[39m (0 secs / 0.104 secs)
[1A[2KChrome Headless 144.0.0.0 (Windows 10): Executed 3 of 22[32m SUCCESS[39m (0 secs / 0.108 secs)
[1A[2KChrome Headless 144.0.0.0 (Windows 10): Executed 4 of 22[32m SUCCESS[39m (0 secs / 0.131 secs)
[1A[2KChrome Headless 144.0.0.0 (Windows 10): Executed 5 of 22[32m SUCCESS[39m (0 secs / 0.136 secs)
[1A[2KChrome Headless 144.0.0.0 (Windows 10): Executed 6 of 22[32m SUCCESS[39m (0 secs / 0.158 secs)
[1A[2KChrome Headless 144.0.0.0 (Windows 10): Executed 7 of 22[32m SUCCESS[39m (0 secs / 0.169 secs)
[1A[2KChrome Headless 144.0.0.0 (Windows 10): Executed 8 of 22[32m SUCCESS[39m (0 secs / 0.178 secs)
[1A[2KChrome Headless 144.0.0.0 (Windows 10): Executed 9 of 22[32m SUCCESS[39m (0 secs / 0.19 secs)
[1A[2KChrome Headless 144.0.0.0 (Windows 10): Executed 10 of 22[32m SUCCESS[39m (0 secs / 0.235 secs)
[1A[2KChrome Headless 144.0.0.0 (Windows 10): Executed 11 of 22[32m SUCCESS[39m (0 secs / 0.238 secs)
[1A[2KChrome Headless 144.0.0.0 (Windows 10): Executed 12 of 22[32m SUCCESS[39m (0 secs / 0.261 secs)
[1A[2KChrome Headless 144.0.0.0 (Windows 10): Executed 13 of 22[32m SUCCESS[39m (0 secs / 0.269 secs)
[1A[2KChrome Headless 144.0.0.0 (Windows 10): Executed 14 of 22[32m SUCCESS[39m (0 secs / 0.284 secs)
[1A[2KChrome Headless 144.0.0.0 (Windows 10): Executed 15 of 22[32m SUCCESS[39m (0 secs / 0.29 secs)
[1A[2KChrome Headless 144.0.0.0 (Windows 10): Executed 16 of 22[32m SUCCESS[39m (0 secs / 0.31 secs)
[1A[2K[31mChrome Headless 144.0.0.0 (Windows 10) ToastComponent should create FAILED[39m
	Error: NG05105: Unexpected synthetic property @slideIn found. Please make sure that:
	  - Make sure `provideAnimationsAsync()`, `provideAnimations()` or `provideNoopAnimations()` call was added to a list of providers used to bootstrap an application.
	  - There is a corresponding animation configuration named `@slideIn` defined in the `animations` field of the `@Component` decorator (see https://angular.dev/api/core/Component#animations).
	error properties: Object({ code: 5105 })
	    at checkNoSyntheticProp (node_modules/@angular/platform-browser/fesm2022/_dom_renderer-chunk.mjs:667:11)
	    at EmulatedEncapsulationDomRenderer2.setProperty (node_modules/@angular/platform-browser/fesm2022/_dom_renderer-chunk.mjs:631:86)
	    at setDomProperty (node_modules/@angular/core/fesm2022/_debug_node-chunk.mjs:4852:14)
	    at ɵɵsyntheticHostProperty (node_modules/@angular/core/fesm2022/_debug_node-chunk.mjs:14344:5)
	    at hostBindingFn (ng:///ToastComponent.js:18:9)
	    at processHostBindingOpCodes (node_modules/@angular/core/fesm2022/_debug_node-chunk.mjs:5618:9)
	    at refreshView (node_modules/@angular/core/fesm2022/_debug_node-chunk.mjs:5480:5)
	    at detectChangesInView (node_modules/@angular/core/fesm2022/_debug_node-chunk.mjs:5578:5)
	    at detectChangesInViewWhileDirty (node_modules/@angular/core/fesm2022/_debug_node-chunk.mjs:5390:5)
	    at detectChangesInternal (node_modules/@angular/core/fesm2022/_debug_node-chunk.mjs:5379:5)
Chrome Headless 144.0.0.0 (Windows 10): Executed 17 of 22[31m (1 FAILED)[39m (0 secs / 0.347 secs)
[1A[2KChrome Headless 144.0.0.0 (Windows 10): Executed 18 of 22[31m (1 FAILED)[39m (0 secs / 0.642 secs)
[1A[2KChrome Headless 144.0.0.0 (Windows 10): Executed 19 of 22[31m (1 FAILED)[39m (0 secs / 0.646 secs)
[1A[2KChrome Headless 144.0.0.0 (Windows 10): Executed 20 of 22[31m (1 FAILED)[39m (0 secs / 0.653 secs)
[1A[2KChrome Headless 144.0.0.0 (Windows 10): Executed 21 of 22[31m (1 FAILED)[39m (0 secs / 0.658 secs)
[1A[2KLOG: [36m'Game Started. Target:', ['fighting', 'bug'][39m
Chrome Headless 144.0.0.0 (Windows 10): Executed 21 of 22[31m (1 FAILED)[39m (0 secs / 0.658 secs)
LOG: 'Game Started. Target:', ['fighting', 'bug']
[1A[2KChrome Headless 144.0.0.0 (Windows 10): Executed 22 of 22[31m (1 FAILED)[39m (0 secs / 0.863 secs)
[1A[2KChrome Headless 144.0.0.0 (Windows 10): Executed 22 of 22[31m (1 FAILED)[39m (1.016 secs / 0.863 secs)
[31mTOTAL: 1 FAILED, 21 SUCCESS[39m
[32m√[39m Browser application bundle generation complete.
[32m√[39m Browser application bundle generation complete.
